d:\progra\final\login\modelo\x64\debug\modelo.pch
d:\progra\final\login\modelo\x64\debug\vc145.pdb
d:\progra\final\login\modelo\x64\debug\pch.obj
d:\progra\final\login\modelo\x64\debug\modelo.obj
d:\progra\final\login\modelo\x64\debug\assemblyinfo.obj
d:\progra\final\login\modelo\x64\debug\.netframework,version=v4.7.2.assemblyattributes.obj
d:\progra\final\login\x64\debug\modelo.dll
d:\progra\final\login\x64\debug\modelo.pdb
d:\progra\final\login\modelo\x64\debug\app.res
d:\progra\final\login\modelo\x64\debug\modelo.tlog\cl.command.1.tlog
d:\progra\final\login\modelo\x64\debug\modelo.tlog\cl.items.tlog
d:\progra\final\login\modelo\x64\debug\modelo.tlog\cl.read.1.tlog
d:\progra\final\login\modelo\x64\debug\modelo.tlog\cl.write.1.tlog
d:\progra\final\login\modelo\x64\debug\modelo.tlog\link.command.1.tlog
d:\progra\final\login\modelo\x64\debug\modelo.tlog\link.read.1.tlog
d:\progra\final\login\modelo\x64\debug\modelo.tlog\link.secondary.1.tlog
d:\progra\final\login\modelo\x64\debug\modelo.tlog\link.write.1.tlog
d:\progra\final\login\modelo\x64\debug\modelo.tlog\metagen.read.1.tlog
d:\progra\final\login\modelo\x64\debug\modelo.tlog\metagen.write.1.tlog
d:\progra\final\login\modelo\x64\debug\modelo.tlog\rc.command.1.tlog
d:\progra\final\login\modelo\x64\debug\modelo.tlog\rc.read.1.tlog
d:\progra\final\login\modelo\x64\debug\modelo.tlog\rc.write.1.tlog
