d:\progra\final\login\controlador\x64\debug\controlador.pch
d:\progra\final\login\controlador\x64\debug\vc145.pdb
d:\progra\final\login\controlador\x64\debug\pch.obj
d:\progra\final\login\controlador\x64\debug\controlador.obj
d:\progra\final\login\controlador\x64\debug\assemblyinfo.obj
d:\progra\final\login\controlador\x64\debug\.netframework,version=v4.7.2.assemblyattributes.obj
d:\progra\final\login\x64\debug\mysql.data.dll
d:\progra\final\login\x64\debug\controlador.dll
d:\progra\final\login\x64\debug\controlador.pdb
d:\progra\final\login\controlador\x64\debug\app.res
d:\progra\final\login\controlador\x64\debug\controlador.tlog\cl.command.1.tlog
d:\progra\final\login\controlador\x64\debug\controlador.tlog\cl.items.tlog
d:\progra\final\login\controlador\x64\debug\controlador.tlog\cl.read.1.tlog
d:\progra\final\login\controlador\x64\debug\controlador.tlog\cl.write.1.tlog
d:\progra\final\login\controlador\x64\debug\controlador.tlog\copylocal.read.1u.tlog
d:\progra\final\login\controlador\x64\debug\controlador.tlog\copylocal.write.1u.tlog
d:\progra\final\login\controlador\x64\debug\controlador.tlog\link.command.1.tlog
d:\progra\final\login\controlador\x64\debug\controlador.tlog\link.read.1.tlog
d:\progra\final\login\controlador\x64\debug\controlador.tlog\link.secondary.1.tlog
d:\progra\final\login\controlador\x64\debug\controlador.tlog\link.write.1.tlog
d:\progra\final\login\controlador\x64\debug\controlador.tlog\metagen.read.1.tlog
d:\progra\final\login\controlador\x64\debug\controlador.tlog\metagen.write.1.tlog
d:\progra\final\login\controlador\x64\debug\controlador.tlog\rc.command.1.tlog
d:\progra\final\login\controlador\x64\debug\controlador.tlog\rc.read.1.tlog
d:\progra\final\login\controlador\x64\debug\controlador.tlog\rc.write.1.tlog
