d:\progra\final\login\login\x64\debug\login.pch
d:\progra\final\login\login\x64\debug\vc143.pdb
d:\progra\final\login\login\x64\debug\pch.obj
d:\progra\final\login\login\x64\debug\producto.obj
d:\progra\final\login\login\x64\debug\form1.obj
d:\progra\final\login\login\x64\debug\factura.obj
d:\progra\final\login\login\x64\debug\empleado.obj
d:\progra\final\login\login\x64\debug\cppclr_winformsproject.obj
d:\progra\final\login\login\x64\debug\contenido.obj
d:\progra\final\login\login\x64\debug\cliente.obj
d:\progra\final\login\login\x64\debug\assemblyinfo.obj
d:\progra\final\login\login\x64\debug\.netframework,version=v4.7.2.assemblyattributes.obj
d:\progra\final\login\x64\debug\mysql.data.dll
d:\progra\final\login\x64\debug\login.exe
d:\progra\final\login\x64\debug\login.pdb
d:\progra\final\login\login\x64\debug\app.res
d:\progra\final\login\login\x64\debug\login.tlog\cl.command.1.tlog
d:\progra\final\login\login\x64\debug\login.tlog\cl.items.tlog
d:\progra\final\login\login\x64\debug\login.tlog\cl.read.1.tlog
d:\progra\final\login\login\x64\debug\login.tlog\cl.write.1.tlog
d:\progra\final\login\login\x64\debug\login.tlog\copylocal.read.1u.tlog
d:\progra\final\login\login\x64\debug\login.tlog\copylocal.write.1u.tlog
d:\progra\final\login\login\x64\debug\login.tlog\link.command.1.tlog
d:\progra\final\login\login\x64\debug\login.tlog\link.read.1.tlog
d:\progra\final\login\login\x64\debug\login.tlog\link.secondary.1.tlog
d:\progra\final\login\login\x64\debug\login.tlog\link.write.1.tlog
d:\progra\final\login\login\x64\debug\login.tlog\metagen.read.1.tlog
d:\progra\final\login\login\x64\debug\login.tlog\metagen.write.1.tlog
d:\progra\final\login\login\x64\debug\login.tlog\rc.command.1.tlog
d:\progra\final\login\login\x64\debug\login.tlog\rc.read.1.tlog
d:\progra\final\login\login\x64\debug\login.tlog\rc.write.1.tlog
d:\progra\final\login\login\x64\debug\login.tlog\resgen.command.1.tlog
d:\progra\final\login\login\x64\debug\login.tlog\resgen.read.1.tlog
d:\progra\final\login\login\x64\debug\login.tlog\resgen.write.1.tlog
